stm32g0xx_hal_rtc.c:688:13:HAL_RTC_MspInit	0	static
stm32g0xx_hal_rtc.c:703:13:HAL_RTC_MspDeInit	0	static
stm32g0xx_hal_rtc.c:1396:19:HAL_RTC_DeactivateAlarm	32	static
stm32g0xx_hal_rtc.c:1600:13:HAL_RTC_AlarmAEventCallback	0	static
stm32g0xx_hal_rtc.c:1551:6:HAL_RTC_AlarmIRQHandler	8	static
stm32g0xx_hal_rtc.c:1616:19:HAL_RTC_PollForAlarmAEvent	24	static
stm32g0xx_hal_rtc.c:1675:19:HAL_RTC_WaitForSynchro	24	static
stm32g0xx_hal_rtc.c:1719:21:HAL_RTC_GetState	0	static
stm32g0xx_hal_rtc.c:1742:19:RTC_EnterInitMode	32	static
stm32g0xx_hal_rtc.c:1773:19:RTC_ExitInitMode	16	static
stm32g0xx_hal_rtc.c:242:19:HAL_RTC_Init	16	static
stm32g0xx_hal_rtc.c:346:19:HAL_RTC_DeInit	24	static
stm32g0xx_hal_rtc.c:1810:9:RTC_ByteToBcd2	0	static
stm32g0xx_hal_rtc.c:741:19:HAL_RTC_SetTime	40	static
stm32g0xx_hal_rtc.c:895:19:HAL_RTC_SetDate	40	static
stm32g0xx_hal_rtc.c:1033:19:HAL_RTC_SetAlarm	40	static
stm32g0xx_hal_rtc.c:1215:19:HAL_RTC_SetAlarm_IT	40	static
stm32g0xx_hal_rtc.c:1829:9:RTC_Bcd2ToByte	0	static
stm32g0xx_hal_rtc.c:851:19:HAL_RTC_GetTime	16	static
stm32g0xx_hal_rtc.c:979:19:HAL_RTC_GetDate	16	static
stm32g0xx_hal_rtc.c:1490:19:HAL_RTC_GetAlarm	32	static
stm32g0xx_hal_rtc.c:1842:6:HAL_RTC_DST_Add1Hour	0	static
stm32g0xx_hal_rtc.c:1855:6:HAL_RTC_DST_Sub1Hour	0	static
stm32g0xx_hal_rtc.c:1868:6:HAL_RTC_DST_SetStoreOperation	0	static
stm32g0xx_hal_rtc.c:1880:6:HAL_RTC_DST_ClearStoreOperation	0	static
stm32g0xx_hal_rtc.c:1892:10:HAL_RTC_DST_ReadStoreOperation	0	static
