stm32g0xx_hal_pwr_ex.c:132:6:HAL_PWREx_EnableBatteryCharging	0	static
stm32g0xx_hal_pwr_ex.c:147:6:HAL_PWREx_DisableBatteryCharging	0	static
stm32g0xx_hal_pwr_ex.c:160:6:HAL_PWREx_EnablePORMonitorSampling	0	static
stm32g0xx_hal_pwr_ex.c:170:6:HAL_PWREx_DisablePORMonitorSampling	0	static
stm32g0xx_hal_pwr_ex.c:188:19:HAL_PWREx_ConfigPVD	12	static
stm32g0xx_hal_pwr_ex.c:234:6:HAL_PWREx_EnablePVD	0	static
stm32g0xx_hal_pwr_ex.c:244:6:HAL_PWREx_DisablePVD	0	static
stm32g0xx_hal_pwr_ex.c:382:6:HAL_PWREx_EnableInternalWakeUpLine	0	static
stm32g0xx_hal_pwr_ex.c:391:6:HAL_PWREx_DisableInternalWakeUpLine	0	static
stm32g0xx_hal_pwr_ex.c:415:19:HAL_PWREx_EnableGPIOPullUp	4	static
stm32g0xx_hal_pwr_ex.c:477:19:HAL_PWREx_DisableGPIOPullUp	4	static
stm32g0xx_hal_pwr_ex.c:539:19:HAL_PWREx_EnableGPIOPullDown	4	static
stm32g0xx_hal_pwr_ex.c:601:19:HAL_PWREx_DisableGPIOPullDown	4	static
stm32g0xx_hal_pwr_ex.c:654:6:HAL_PWREx_EnablePullUpPullDownConfig	0	static
stm32g0xx_hal_pwr_ex.c:665:6:HAL_PWREx_DisablePullUpPullDownConfig	0	static
stm32g0xx_hal_pwr_ex.c:677:6:HAL_PWREx_EnableSRAMRetention	0	static
stm32g0xx_hal_pwr_ex.c:689:6:HAL_PWREx_DisableSRAMRetention	0	static
stm32g0xx_hal_pwr_ex.c:705:6:HAL_PWREx_EnableFlashPowerDown	0	static
stm32g0xx_hal_pwr_ex.c:723:6:HAL_PWREx_DisableFlashPowerDown	0	static
stm32g0xx_hal_pwr_ex.c:737:10:HAL_PWREx_GetVoltageRange	0	static
stm32g0xx_hal_pwr_ex.c:763:19:HAL_PWREx_ControlVoltageScaling	8	static
stm32g0xx_hal_pwr_ex.c:804:6:HAL_PWREx_EnableLowPowerRunMode	0	static
stm32g0xx_hal_pwr_ex.c:819:19:HAL_PWREx_DisableLowPowerRunMode	8	static
stm32g0xx_hal_pwr_ex.c:861:6:HAL_PWREx_EnterSHUTDOWNMode	0	static,ignoring_inline_asm
stm32g0xx_hal_pwr_ex.c:982:13:HAL_PWREx_PVD_Rising_Callback	0	static
stm32g0xx_hal_pwr_ex.c:993:13:HAL_PWREx_PVD_Falling_Callback	0	static
stm32g0xx_hal_pwr_ex.c:955:6:HAL_PWREx_PVD_IRQHandler	16	static
