stm32g0xx_hal_tim_ex.c:2818:13:TIM_CCxNChannelCmd	8	static
stm32g0xx_hal_tim_ex.c:2773:13:TIM_DMAErrorCCxN	8	static
stm32g0xx_hal_tim_ex.c:2714:13:TIM_DMADelayPulseNCplt	8	static
stm32g0xx_hal_tim_ex.c:297:13:HAL_TIMEx_HallSensor_MspInit	0	static
stm32g0xx_hal_tim_ex.c:151:19:HAL_TIMEx_HallSensor_Init	64	static
stm32g0xx_hal_tim_ex.c:312:13:HAL_TIMEx_HallSensor_MspDeInit	0	static
stm32g0xx_hal_tim_ex.c:252:19:HAL_TIMEx_HallSensor_DeInit	16	static
stm32g0xx_hal_tim_ex.c:327:19:HAL_TIMEx_HallSensor_Start	32	static
stm32g0xx_hal_tim_ex.c:381:19:HAL_TIMEx_HallSensor_Stop	8	static
stm32g0xx_hal_tim_ex.c:409:19:HAL_TIMEx_HallSensor_Start_IT	32	static
stm32g0xx_hal_tim_ex.c:466:19:HAL_TIMEx_HallSensor_Stop_IT	8	static
stm32g0xx_hal_tim_ex.c:499:19:HAL_TIMEx_HallSensor_Start_DMA	24	static
stm32g0xx_hal_tim_ex.c:575:19:HAL_TIMEx_HallSensor_Stop_DMA	8	static
stm32g0xx_hal_tim_ex.c:637:19:HAL_TIMEx_OCN_Start	8	static
stm32g0xx_hal_tim_ex.c:688:19:HAL_TIMEx_OCN_Stop	16	static
stm32g0xx_hal_tim_ex.c:720:19:HAL_TIMEx_OCN_Start_IT	8	static
stm32g0xx_hal_tim_ex.c:802:19:HAL_TIMEx_OCN_Stop_IT	16	static
stm32g0xx_hal_tim_ex.c:871:19:HAL_TIMEx_OCN_Start_DMA	16	static
stm32g0xx_hal_tim_ex.c:1003:19:HAL_TIMEx_OCN_Stop_DMA	16	static
stm32g0xx_hal_tim_ex.c:1098:19:HAL_TIMEx_PWMN_Start	8	static
stm32g0xx_hal_tim_ex.c:1148:19:HAL_TIMEx_PWMN_Stop	8	static
stm32g0xx_hal_tim_ex.c:1180:19:HAL_TIMEx_PWMN_Start_IT	8	static
stm32g0xx_hal_tim_ex.c:1261:19:HAL_TIMEx_PWMN_Stop_IT	8	static
stm32g0xx_hal_tim_ex.c:1331:19:HAL_TIMEx_PWMN_Start_DMA	8	static
stm32g0xx_hal_tim_ex.c:1463:19:HAL_TIMEx_PWMN_Stop_DMA	8	static
stm32g0xx_hal_tim_ex.c:1548:19:HAL_TIMEx_OnePulseN_Start	40	static
stm32g0xx_hal_tim_ex.c:1597:19:HAL_TIMEx_OnePulseN_Stop	16	static
stm32g0xx_hal_tim_ex.c:1636:19:HAL_TIMEx_OnePulseN_Start_IT	40	static
stm32g0xx_hal_tim_ex.c:1691:19:HAL_TIMEx_OnePulseN_Stop_IT	16	static
stm32g0xx_hal_tim_ex.c:1772:19:HAL_TIMEx_ConfigCommutEvent	12	static
stm32g0xx_hal_tim_ex.c:1828:19:HAL_TIMEx_ConfigCommutEvent_IT	12	static
stm32g0xx_hal_tim_ex.c:1885:19:HAL_TIMEx_ConfigCommutEvent_DMA	16	static
stm32g0xx_hal_tim_ex.c:1934:19:HAL_TIMEx_MasterConfigSynchronization	20	static
stm32g0xx_hal_tim_ex.c:2007:19:HAL_TIMEx_ConfigBreakDeadTime	8	static
stm32g0xx_hal_tim_ex.c:2089:19:HAL_TIMEx_ConfigBreakInput	20	static
stm32g0xx_hal_tim_ex.c:2243:19:HAL_TIMEx_RemapConfig	8	static
stm32g0xx_hal_tim_ex.c:2334:20:HAL_TIMEx_TISelection	12	static
stm32g0xx_hal_tim_ex.c:2376:19:HAL_TIMEx_GroupChannel5	12	static
stm32g0xx_hal_tim_ex.c:2414:19:HAL_TIMEx_DisarmBreakInput	0	static
stm32g0xx_hal_tim_ex.c:2467:19:HAL_TIMEx_ReArmBreakInput	16	static
stm32g0xx_hal_tim_ex.c:2554:13:HAL_TIMEx_CommutCallback	0	static
stm32g0xx_hal_tim_ex.c:2675:6:TIMEx_DMACommutationCplt	8	static
stm32g0xx_hal_tim_ex.c:2568:13:HAL_TIMEx_CommutHalfCpltCallback	0	static
stm32g0xx_hal_tim_ex.c:2694:6:TIMEx_DMACommutationHalfCplt	8	static
stm32g0xx_hal_tim_ex.c:2583:13:HAL_TIMEx_BreakCallback	0	static
stm32g0xx_hal_tim_ex.c:2598:13:HAL_TIMEx_Break2Callback	0	static
stm32g0xx_hal_tim_ex.c:2631:22:HAL_TIMEx_HallSensor_GetState	0	static
stm32g0xx_hal_tim_ex.c:2646:29:HAL_TIMEx_GetChannelNState	0	static
