stm32g0xx_hal_tim.c:6877:13:TIM_OC1_SetConfig	16	static
stm32g0xx_hal_tim.c:7028:13:TIM_OC3_SetConfig	16	static
stm32g0xx_hal_tim.c:7102:13:TIM_OC4_SetConfig	12	static
stm32g0xx_hal_tim.c:7162:13:TIM_OC5_SetConfig	16	static
stm32g0xx_hal_tim.c:7215:13:TIM_OC6_SetConfig	12	static
stm32g0xx_hal_tim.c:379:13:HAL_TIM_Base_MspInit	0	static
stm32g0xx_hal_tim.c:394:13:HAL_TIM_Base_MspDeInit	0	static
stm32g0xx_hal_tim.c:336:19:HAL_TIM_Base_DeInit	16	static
stm32g0xx_hal_tim.c:410:19:HAL_TIM_Base_Start	0	static
stm32g0xx_hal_tim.c:449:19:HAL_TIM_Base_Stop	0	static
stm32g0xx_hal_tim.c:469:19:HAL_TIM_Base_Start_IT	0	static
stm32g0xx_hal_tim.c:511:19:HAL_TIM_Base_Stop_IT	8	static
stm32g0xx_hal_tim.c:536:19:HAL_TIM_Base_Start_DMA	16	static
stm32g0xx_hal_tim.c:605:19:HAL_TIM_Base_Stop_DMA	8	static
stm32g0xx_hal_tim.c:762:13:HAL_TIM_OC_MspInit	0	static
stm32g0xx_hal_tim.c:777:13:HAL_TIM_OC_MspDeInit	0	static
stm32g0xx_hal_tim.c:719:19:HAL_TIM_OC_DeInit	16	static
stm32g0xx_hal_tim.c:1407:13:HAL_TIM_PWM_MspInit	0	static
stm32g0xx_hal_tim.c:1422:13:HAL_TIM_PWM_MspDeInit	0	static
stm32g0xx_hal_tim.c:1364:19:HAL_TIM_PWM_DeInit	16	static
stm32g0xx_hal_tim.c:2050:13:HAL_TIM_IC_MspInit	0	static
stm32g0xx_hal_tim.c:2065:13:HAL_TIM_IC_MspDeInit	0	static
stm32g0xx_hal_tim.c:2007:19:HAL_TIM_IC_DeInit	16	static
stm32g0xx_hal_tim.c:2687:13:HAL_TIM_OnePulse_MspInit	0	static
stm32g0xx_hal_tim.c:2702:13:HAL_TIM_OnePulse_MspDeInit	0	static
stm32g0xx_hal_tim.c:2642:19:HAL_TIM_OnePulse_DeInit	16	static
stm32g0xx_hal_tim.c:2722:19:HAL_TIM_OnePulse_Start	32	static
stm32g0xx_hal_tim.c:2779:19:HAL_TIM_OnePulse_Stop	8	static
stm32g0xx_hal_tim.c:2822:19:HAL_TIM_OnePulse_Start_IT	32	static
stm32g0xx_hal_tim.c:2885:19:HAL_TIM_OnePulse_Stop_IT	8	static
stm32g0xx_hal_tim.c:3123:13:HAL_TIM_Encoder_MspInit	0	static
stm32g0xx_hal_tim.c:3138:13:HAL_TIM_Encoder_MspDeInit	0	static
stm32g0xx_hal_tim.c:3078:19:HAL_TIM_Encoder_DeInit	16	static
stm32g0xx_hal_tim.c:3158:19:HAL_TIM_Encoder_Start	32	static
stm32g0xx_hal_tim.c:3252:19:HAL_TIM_Encoder_Stop	8	static
stm32g0xx_hal_tim.c:3312:19:HAL_TIM_Encoder_Start_IT	32	static
stm32g0xx_hal_tim.c:3412:19:HAL_TIM_Encoder_Stop_IT	8	static
stm32g0xx_hal_tim.c:3477:19:HAL_TIM_Encoder_Start_DMA	48	static
stm32g0xx_hal_tim.c:3689:19:HAL_TIM_Encoder_Stop_DMA	16	static
stm32g0xx_hal_tim.c:4531:19:HAL_TIM_DMABurst_MultiWriteStart	24	static
stm32g0xx_hal_tim.c:4478:19:HAL_TIM_DMABurst_WriteStart	24	static
stm32g0xx_hal_tim.c:4708:19:HAL_TIM_DMABurst_WriteStop	16	static
stm32g0xx_hal_tim.c:4863:19:HAL_TIM_DMABurst_MultiReadStart	24	static
stm32g0xx_hal_tim.c:4810:19:HAL_TIM_DMABurst_ReadStart	24	static
stm32g0xx_hal_tim.c:5041:19:HAL_TIM_DMABurst_ReadStop	8	static
stm32g0xx_hal_tim.c:5119:19:HAL_TIM_GenerateEvent	12	static
stm32g0xx_hal_tim.c:5488:19:HAL_TIM_ConfigTI1Input	0	static
stm32g0xx_hal_tim.c:5603:10:HAL_TIM_ReadCapturedValue	0	static
stm32g0xx_hal_tim.c:5687:13:HAL_TIM_PeriodElapsedCallback	0	static
stm32g0xx_hal_tim.c:6754:13:TIM_DMAPeriodElapsedCplt	8	static
stm32g0xx_hal_tim.c:5702:13:HAL_TIM_PeriodElapsedHalfCpltCallback	0	static
stm32g0xx_hal_tim.c:6775:13:TIM_DMAPeriodElapsedHalfCplt	8	static
stm32g0xx_hal_tim.c:5717:13:HAL_TIM_OC_DelayElapsedCallback	0	static
stm32g0xx_hal_tim.c:5732:13:HAL_TIM_IC_CaptureCallback	0	static
stm32g0xx_hal_tim.c:6652:6:TIM_DMACaptureCplt	8	static
stm32g0xx_hal_tim.c:5747:13:HAL_TIM_IC_CaptureHalfCpltCallback	0	static
stm32g0xx_hal_tim.c:6715:6:TIM_DMACaptureHalfCplt	8	static
stm32g0xx_hal_tim.c:5762:13:HAL_TIM_PWM_PulseFinishedCallback	0	static
stm32g0xx_hal_tim.c:6554:13:TIM_DMADelayPulseCplt	8	static
stm32g0xx_hal_tim.c:5777:13:HAL_TIM_PWM_PulseFinishedHalfCpltCallback	0	static
stm32g0xx_hal_tim.c:6613:6:TIM_DMADelayPulseHalfCplt	8	static
stm32g0xx_hal_tim.c:5792:13:HAL_TIM_TriggerCallback	0	static
stm32g0xx_hal_tim.c:3766:6:HAL_TIM_IRQHandler	8	static
stm32g0xx_hal_tim.c:6791:13:TIM_DMATriggerCplt	8	static
stm32g0xx_hal_tim.c:5807:13:HAL_TIM_TriggerHalfCpltCallback	0	static
stm32g0xx_hal_tim.c:6812:13:TIM_DMATriggerHalfCplt	8	static
stm32g0xx_hal_tim.c:5822:13:HAL_TIM_ErrorCallback	0	static
stm32g0xx_hal_tim.c:6511:6:TIM_DMAError	8	static
stm32g0xx_hal_tim.c:6391:22:HAL_TIM_Base_GetState	0	static
stm32g0xx_hal_tim.c:6401:22:HAL_TIM_OC_GetState	0	static
stm32g0xx_hal_tim.c:6411:22:HAL_TIM_PWM_GetState	0	static
stm32g0xx_hal_tim.c:6421:22:HAL_TIM_IC_GetState	0	static
stm32g0xx_hal_tim.c:6431:22:HAL_TIM_OnePulse_GetState	0	static
stm32g0xx_hal_tim.c:6441:22:HAL_TIM_Encoder_GetState	0	static
stm32g0xx_hal_tim.c:6451:23:HAL_TIM_GetActiveChannel	0	static
stm32g0xx_hal_tim.c:6469:29:HAL_TIM_GetChannelState	0	static
stm32g0xx_hal_tim.c:6486:30:HAL_TIM_DMABurstState	0	static
stm32g0xx_hal_tim.c:6829:6:TIM_Base_SetConfig	8	static
stm32g0xx_hal_tim.c:277:19:HAL_TIM_Base_Init	16	static
stm32g0xx_hal_tim.c:660:19:HAL_TIM_OC_Init	16	static
stm32g0xx_hal_tim.c:1305:19:HAL_TIM_PWM_Init	16	static
stm32g0xx_hal_tim.c:1948:19:HAL_TIM_IC_Init	16	static
stm32g0xx_hal_tim.c:2574:19:HAL_TIM_OnePulse_Init	16	static
stm32g0xx_hal_tim.c:2964:19:HAL_TIM_Encoder_Init	32	static
stm32g0xx_hal_tim.c:6952:6:TIM_OC2_SetConfig	16	static
stm32g0xx_hal_tim.c:3996:19:HAL_TIM_OC_ConfigChannel	16	static
stm32g0xx_hal_tim.c:4187:19:HAL_TIM_PWM_ConfigChannel	24	static
stm32g0xx_hal_tim.c:7400:6:TIM_TI1_SetConfig	20	static
stm32g0xx_hal_tim.c:4092:19:HAL_TIM_IC_ConfigChannel	32	static
stm32g0xx_hal_tim.c:4332:19:HAL_TIM_OnePulse_ConfigChannel	64	static
stm32g0xx_hal_tim.c:7694:6:TIM_ETR_SetConfig	12	static
stm32g0xx_hal_tim.c:5158:19:HAL_TIM_ConfigOCrefClear	32	static
stm32g0xx_hal_tim.c:5336:19:HAL_TIM_ConfigClockSource	24	static
stm32g0xx_hal_tim.c:7269:26:TIM_SlaveTimer_SetConfig	16	static
stm32g0xx_hal_tim.c:5520:19:HAL_TIM_SlaveConfigSynchro	24	static
stm32g0xx_hal_tim.c:5560:19:HAL_TIM_SlaveConfigSynchro_IT	24	static
stm32g0xx_hal_tim.c:7726:6:TIM_CCxChannelCmd	8	static
stm32g0xx_hal_tim.c:800:19:HAL_TIM_OC_Start	8	static
stm32g0xx_hal_tim.c:1445:19:HAL_TIM_PWM_Start	8	static
stm32g0xx_hal_tim.c:856:19:HAL_TIM_OC_Stop	16	static
stm32g0xx_hal_tim.c:1501:19:HAL_TIM_PWM_Stop	8	static
stm32g0xx_hal_tim.c:891:19:HAL_TIM_OC_Start_IT	8	static
stm32g0xx_hal_tim.c:1536:19:HAL_TIM_PWM_Start_IT	8	static
stm32g0xx_hal_tim.c:979:19:HAL_TIM_OC_Stop_IT	16	static
stm32g0xx_hal_tim.c:1623:19:HAL_TIM_PWM_Stop_IT	8	static
stm32g0xx_hal_tim.c:1050:19:HAL_TIM_OC_Start_DMA	16	static
stm32g0xx_hal_tim.c:1694:19:HAL_TIM_PWM_Start_DMA	8	static
stm32g0xx_hal_tim.c:1208:19:HAL_TIM_OC_Stop_DMA	16	static
stm32g0xx_hal_tim.c:1851:19:HAL_TIM_PWM_Stop_DMA	8	static
stm32g0xx_hal_tim.c:2086:19:HAL_TIM_IC_Start	8	static
stm32g0xx_hal_tim.c:2138:19:HAL_TIM_IC_Stop	16	static
stm32g0xx_hal_tim.c:2168:19:HAL_TIM_IC_Start_IT	8	static
stm32g0xx_hal_tim.c:2253:19:HAL_TIM_IC_Stop_IT	16	static
stm32g0xx_hal_tim.c:2319:19:HAL_TIM_IC_Start_DMA	24	static
stm32g0xx_hal_tim.c:2475:19:HAL_TIM_IC_Stop_DMA	16	static
