stm32g0xx_hal_dma.c:1068:13:DMA_SetConfig	20	static
stm32g0xx_hal_dma.c:1115:13:DMA_CalcDMAMUXChannelBaseAndMask	8	static
stm32g0xx_hal_dma.c:151:19:HAL_DMA_Init	16	static
stm32g0xx_hal_dma.c:258:19:HAL_DMA_DeInit	24	static
stm32g0xx_hal_dma.c:381:19:HAL_DMA_Start	32	static
stm32g0xx_hal_dma.c:432:19:HAL_DMA_Start_IT	32	static
stm32g0xx_hal_dma.c:505:19:HAL_DMA_Abort	20	static
stm32g0xx_hal_dma.c:570:19:HAL_DMA_Abort_IT	24	static
stm32g0xx_hal_dma.c:635:19:HAL_DMA_PollForTransfer	40	static
stm32g0xx_hal_dma.c:794:6:HAL_DMA_IRQHandler	24	static
stm32g0xx_hal_dma.c:900:19:HAL_DMA_RegisterCallback	12	static
stm32g0xx_hal_dma.c:951:19:HAL_DMA_UnRegisterCallback	12	static
stm32g0xx_hal_dma.c:1029:22:HAL_DMA_GetState	0	static
stm32g0xx_hal_dma.c:1041:10:HAL_DMA_GetError	0	static
