stm32g0xx_hal_rtc_ex.c:169:19:HAL_RTCEx_SetTimeStamp	12	static
stm32g0xx_hal_rtc_ex.c:225:19:HAL_RTCEx_SetTimeStamp_IT	12	static
stm32g0xx_hal_rtc_ex.c:273:19:HAL_RTCEx_DeactivateTimeStamp	8	static
stm32g0xx_hal_rtc_ex.c:311:19:HAL_RTCEx_SetInternalTimeStamp	8	static
stm32g0xx_hal_rtc_ex.c:341:19:HAL_RTCEx_DeactivateInternalTimeStamp	8	static
stm32g0xx_hal_rtc_ex.c:376:19:HAL_RTCEx_GetTimeStamp	32	static
stm32g0xx_hal_rtc_ex.c:426:13:HAL_RTCEx_TimeStampEventCallback	0	static
stm32g0xx_hal_rtc_ex.c:442:6:HAL_RTCEx_TimeStampIRQHandler	16	static
stm32g0xx_hal_rtc_ex.c:470:19:HAL_RTCEx_PollForTimeStampEvent	24	static
stm32g0xx_hal_rtc_ex.c:528:19:HAL_RTCEx_SetWakeUpTimer	40	static
stm32g0xx_hal_rtc_ex.c:600:19:HAL_RTCEx_SetWakeUpTimer_IT	40	static
stm32g0xx_hal_rtc_ex.c:679:19:HAL_RTCEx_DeactivateWakeUpTimer	32	static
stm32g0xx_hal_rtc_ex.c:731:10:HAL_RTCEx_GetWakeUpTimer	0	static
stm32g0xx_hal_rtc_ex.c:768:13:HAL_RTCEx_WakeUpTimerEventCallback	0	static
stm32g0xx_hal_rtc_ex.c:742:6:HAL_RTCEx_WakeUpTimerIRQHandler	8	static
stm32g0xx_hal_rtc_ex.c:785:19:HAL_RTCEx_PollForWakeUpTimerEvent	24	static
stm32g0xx_hal_rtc_ex.c:862:19:HAL_RTCEx_SetSmoothCalib	40	static
stm32g0xx_hal_rtc_ex.c:930:19:HAL_RTCEx_SetSynchroShift	40	static
stm32g0xx_hal_rtc_ex.c:1023:19:HAL_RTCEx_SetCalibrationOutPut	12	static
stm32g0xx_hal_rtc_ex.c:1061:19:HAL_RTCEx_DeactivateCalibrationOutPut	8	static
stm32g0xx_hal_rtc_ex.c:1090:19:HAL_RTCEx_SetRefClock	16	static
stm32g0xx_hal_rtc_ex.c:1132:19:HAL_RTCEx_DeactivateRefClock	16	static
stm32g0xx_hal_rtc_ex.c:1176:19:HAL_RTCEx_EnableBypassShadow	8	static
stm32g0xx_hal_rtc_ex.c:1208:19:HAL_RTCEx_DisableBypassShadow	8	static
stm32g0xx_hal_rtc_ex.c:1257:13:HAL_RTCEx_AlarmBEventCallback	0	static
stm32g0xx_hal_rtc_ex.c:1273:19:HAL_RTCEx_PollForAlarmBEvent	24	static
stm32g0xx_hal_rtc_ex.c:1336:19:HAL_RTCEx_SetTamper	20	static
stm32g0xx_hal_rtc_ex.c:1399:19:HAL_RTCEx_SetTamper_IT	20	static
stm32g0xx_hal_rtc_ex.c:1472:19:HAL_RTCEx_DeactivateTamper	8	static
stm32g0xx_hal_rtc_ex.c:1503:19:HAL_RTCEx_PollForTamperEvent	24	static
stm32g0xx_hal_rtc_ex.c:1537:19:HAL_RTCEx_SetInternalTamper	12	static
stm32g0xx_hal_rtc_ex.c:1570:19:HAL_RTCEx_SetInternalTamper_IT	12	static
stm32g0xx_hal_rtc_ex.c:1609:19:HAL_RTCEx_DeactivateInternalTamper	0	static
stm32g0xx_hal_rtc_ex.c:1634:19:HAL_RTCEx_PollForInternalTamperEvent	8	static
stm32g0xx_hal_rtc_ex.c:1773:13:HAL_RTCEx_Tamper1EventCallback	0	static
stm32g0xx_hal_rtc_ex.c:1789:13:HAL_RTCEx_Tamper2EventCallback	0	static
stm32g0xx_hal_rtc_ex.c:1821:13:HAL_RTCEx_InternalTamper3EventCallback	0	static
stm32g0xx_hal_rtc_ex.c:1837:13:HAL_RTCEx_InternalTamper4EventCallback	0	static
stm32g0xx_hal_rtc_ex.c:1853:13:HAL_RTCEx_InternalTamper5EventCallback	0	static
stm32g0xx_hal_rtc_ex.c:1869:13:HAL_RTCEx_InternalTamper6EventCallback	0	static
stm32g0xx_hal_rtc_ex.c:1667:6:HAL_RTCEx_TamperIRQHandler	16	static
stm32g0xx_hal_rtc_ex.c:1915:6:HAL_RTCEx_BKUPWrite	0	static
stm32g0xx_hal_rtc_ex.c:1940:10:HAL_RTCEx_BKUPRead	0	static
