stm32g0xx_ll_adc.h:3668:22:LL_ADC_SetAnalogWDMonitChannels	12	static
stm32g0xx_ll_adc.h:4426:26:LL_ADC_REG_IsConversionOngoing	0	static
stm32g0xx_hal_adc.c:900:13:HAL_ADC_MspInit	0	static
stm32g0xx_hal_adc.c:388:19:HAL_ADC_Init	48	static
stm32g0xx_hal_adc.c:917:13:HAL_ADC_MspDeInit	0	static
stm32g0xx_hal_adc.c:1302:19:HAL_ADC_PollForConversion	24	static
stm32g0xx_hal_adc.c:1432:19:HAL_ADC_PollForEvent	24	static
stm32g0xx_hal_adc.c:1877:10:HAL_ADC_GetValue	0	static
stm32g0xx_hal_adc.c:2104:13:HAL_ADC_ConvCpltCallback	0	static
stm32g0xx_hal_adc.c:2119:13:HAL_ADC_ConvHalfCpltCallback	0	static
stm32g0xx_hal_adc.c:2951:13:ADC_DMAHalfConvCplt	8	static
stm32g0xx_hal_adc.c:2134:13:HAL_ADC_LevelOutOfWindowCallback	0	static
stm32g0xx_hal_adc.c:2156:13:HAL_ADC_ErrorCallback	0	static
stm32g0xx_hal_adc.c:2969:13:ADC_DMAError	8	static
stm32g0xx_hal_adc.c:2873:13:ADC_DMAConvCplt	8	static
stm32g0xx_hal_adc.c:1894:6:HAL_ADC_IRQHandler	24	static
stm32g0xx_hal_adc.c:2202:19:HAL_ADC_ConfigChannel	48	static
stm32g0xx_hal_adc.c:2409:19:HAL_ADC_AnalogWDGConfig	32	static
stm32g0xx_hal_adc.c:2625:10:HAL_ADC_GetState	0	static
stm32g0xx_hal_adc.c:2639:10:HAL_ADC_GetError	0	static
stm32g0xx_hal_adc.c:2666:19:ADC_ConversionStop	16	static
stm32g0xx_hal_adc.c:2720:19:ADC_Enable	32	static
stm32g0xx_hal_adc.c:1184:19:HAL_ADC_Start	16	static
stm32g0xx_hal_adc.c:1562:19:HAL_ADC_Start_IT	16	static
stm32g0xx_hal_adc.c:1700:19:HAL_ADC_Start_DMA	24	static
stm32g0xx_hal_adc.c:2811:19:ADC_Disable	16	static
stm32g0xx_hal_adc.c:776:19:HAL_ADC_DeInit	16	static
stm32g0xx_hal_adc.c:1251:19:HAL_ADC_Stop	16	static
stm32g0xx_hal_adc.c:1653:19:HAL_ADC_Stop_IT	16	static
stm32g0xx_hal_adc.c:1796:19:HAL_ADC_Stop_DMA	16	static
